2026-01-10T02:31:12.994+08:00  INFO 13616 --- [java-mock-exam] [main] c.a.j.mock.exam.JavaMockExamApplication  : Starting JavaMockExamApplication using Java 25 with PID 13616 (C:\Users\Shiela\Downloads\Java Mock Exam App\JavaMockExam\target\classes started by Shiela in C:\Users\Shiela\Downloads\Java Mock Exam App\JavaMockExam)
2026-01-10T02:31:13.014+08:00  INFO 13616 --- [java-mock-exam] [main] c.a.j.mock.exam.JavaMockExamApplication  : No active profile set, falling back to 1 default profile: "default"
2026-01-10T02:31:16.600+08:00  INFO 13616 --- [java-mock-exam] [main] c.a.j.mock.exam.JavaMockExamApplication  : Started JavaMockExamApplication in 5.081 seconds (process running for 6.274)
2026-01-10T03:09:53.555+08:00  INFO 22736 --- [java-mock-exam] [main] c.a.j.mock.exam.JavaMockExamApplication  : Starting JavaMockExamApplication v1.0-SNAPSHOT using Java 25 with PID 22736 (C:\Users\Shiela\Downloads\Java Mock Exam App\JavaMockExam\target\JavaMockExam-1.0-SNAPSHOT.jar started by Shiela in C:\Users\Shiela\Downloads\Java Mock Exam App\JavaMockExam)
2026-01-10T03:09:53.561+08:00  INFO 22736 --- [java-mock-exam] [main] c.a.j.mock.exam.JavaMockExamApplication  : No active profile set, falling back to 1 default profile: "default"
2026-01-10T03:09:57.580+08:00  WARN 22736 --- [java-mock-exam] [main] ConfigServletWebServerApplicationContext : Exception encountered during context initialization - cancelling refresh attempt: org.springframework.context.ApplicationContextException: Failed to start bean 'webServerStartStop'
2026-01-10T03:09:57.677+08:00 ERROR 22736 --- [java-mock-exam] [main] o.s.b.d.LoggingFailureAnalysisReporter   : 

***************************
APPLICATION FAILED TO START
***************************

Description:

Web server failed to start. Port 8081 was already in use.

Action:

Identify and stop the process that's listening on port 8081 or configure this application to listen on another port.

2026-01-10T03:12:42.254+08:00  INFO 17092 --- [java-mock-exam] [main] c.a.j.mock.exam.JavaMockExamApplication  : Starting JavaMockExamApplication v1.0-SNAPSHOT using Java 25 with PID 17092 (C:\Users\Shiela\Downloads\Java Mock Exam App\JavaMockExam\target\JavaMockExam-1.0-SNAPSHOT.jar started by Shiela in C:\Users\Shiela\Downloads\Java Mock Exam App\JavaMockExam)
2026-01-10T03:12:42.267+08:00  INFO 17092 --- [java-mock-exam] [main] c.a.j.mock.exam.JavaMockExamApplication  : No active profile set, falling back to 1 default profile: "default"
2026-01-10T03:12:45.324+08:00  INFO 17092 --- [java-mock-exam] [main] c.a.j.mock.exam.JavaMockExamApplication  : Started JavaMockExamApplication in 4.193 seconds (process running for 5.291)
2026-01-10T03:14:03.469+08:00  INFO 7852 --- [java-mock-exam] [main] c.a.j.mock.exam.JavaMockExamApplication  : Starting JavaMockExamApplication v1.0-SNAPSHOT using Java 25 with PID 7852 (C:\Users\Shiela\Downloads\Java Mock Exam App\JavaMockExam\target\JavaMockExam-1.0-SNAPSHOT.jar started by Shiela in C:\Users\Shiela\Downloads\Java Mock Exam App\JavaMockExam)
2026-01-10T03:14:03.474+08:00  INFO 7852 --- [java-mock-exam] [main] c.a.j.mock.exam.JavaMockExamApplication  : No active profile set, falling back to 1 default profile: "default"
2026-01-10T03:14:06.830+08:00  WARN 7852 --- [java-mock-exam] [main] ConfigServletWebServerApplicationContext : Exception encountered during context initialization - cancelling refresh attempt: org.springframework.context.ApplicationContextException: Failed to start bean 'webServerStartStop'
2026-01-10T03:14:06.892+08:00 ERROR 7852 --- [java-mock-exam] [main] o.s.b.d.LoggingFailureAnalysisReporter   : 

***************************
APPLICATION FAILED TO START
***************************

Description:

Web server failed to start. Port 8081 was already in use.

Action:

Identify and stop the process that's listening on port 8081 or configure this application to listen on another port.

2026-01-10T03:39:32.496+08:00  INFO 9692 --- [java-mock-exam] [main] c.a.j.mock.exam.JavaMockExamApplication  : Starting JavaMockExamApplication v1.0-SNAPSHOT using Java 25 with PID 9692 (C:\Users\Shiela\Downloads\Java Mock Exam App\JavaMockExam\target\JavaMockExam-1.0-SNAPSHOT.jar started by Shiela in C:\Users\Shiela\Downloads\Java Mock Exam App\JavaMockExam)
2026-01-10T03:39:32.504+08:00  INFO 9692 --- [java-mock-exam] [main] c.a.j.mock.exam.JavaMockExamApplication  : No active profile set, falling back to 1 default profile: "default"
2026-01-10T03:39:35.613+08:00  INFO 9692 --- [java-mock-exam] [main] c.a.j.mock.exam.JavaMockExamApplication  : Started JavaMockExamApplication in 4.217 seconds (process running for 5.218)
2026-01-10T05:26:14.034+08:00  INFO 9116 --- [java-mock-exam] [main] c.a.j.mock.exam.JavaMockExamApplication  : Starting JavaMockExamApplication using Java 21.0.8 with PID 9116 (C:\Users\Shiela\Downloads\Java Mock Exam App\JavaMockExam\target\classes started by Shiela in C:\Users\Shiela\Downloads\Java Mock Exam App\JavaMockExam)
2026-01-10T05:26:14.044+08:00  INFO 9116 --- [java-mock-exam] [main] c.a.j.mock.exam.JavaMockExamApplication  : No active profile set, falling back to 1 default profile: "default"
2026-01-10T05:26:20.240+08:00  INFO 9116 --- [java-mock-exam] [main] c.a.j.mock.exam.JavaMockExamApplication  : Started JavaMockExamApplication in 9.63 seconds (process running for 10.921)
